
Màximo@DESKTOP-PT59GQG MINGW64 ~/Desktop/Programacion
$ ls
'Diseño multimedial Ayala Maximo.PNG'   Diseño.css  'Maximo Ayala.html'

Màximo@DESKTOP-PT59GQG MINGW64 ~/Desktop/Programacion
$ git remote add origin hthttps://github.com/Ayala-Maximo/Progrmacion-4.git
fatal: not a git repository (or any of the parent directories): .git

Màximo@DESKTOP-PT59GQG MINGW64 ~/Desktop/Programacion
$ git add.
git: 'add.' is not a git command. See 'git --help'.

The most similar command is
        add

Màximo@DESKTOP-PT59GQG MINGW64 ~/Desktop/Programacion
$ git add .
fatal: not a git repository (or any of the parent directories): .git

Màximo@DESKTOP-PT59GQG MINGW64 ~/Desktop/Programacion
$ git init
Initialized empty Git repository in C:/Users/Màximo/Desktop/Programacion/.git/

Màximo@DESKTOP-PT59GQG MINGW64 ~/Desktop/Programacion (master)
$ git add .

Màximo@DESKTOP-PT59GQG MINGW64 ~/Desktop/Programacion (master)
$ git comit -m "v.1.a"
git: 'comit' is not a git command. See 'git --help'.

The most similar command is
        commit

Màximo@DESKTOP-PT59GQG MINGW64 ~/Desktop/Programacion (master)
$ git commit -m "v.1.a"
[master (root-commit) bce6aec] v.1.a
 3 files changed, 27 insertions(+)
 create mode 100644 "Dise\303\261o multimedial Ayala Maximo.PNG"
 create mode 100644 "Dise\303\261o.css"
 create mode 100644 Maximo Ayala.html

Màximo@DESKTOP-PT59GQG MINGW64 ~/Desktop/Programacion (master)
$ git add .

Màximo@DESKTOP-PT59GQG MINGW64 ~/Desktop/Programacion (master)
$ git commit -m "v.1.2.a"
[master 4341ec6] v.1.2.a
 1 file changed, 2 insertions(+)
 create mode 100644 Seguimiento.txt

Màximo@DESKTOP-PT59GQG MINGW64 ~/Desktop/Programacion (master)
$ git status
On branch master
nothing to commit, working tree clean

Màximo@DESKTOP-PT59GQG MINGW64 ~/Desktop/Programacion (master)
$ git log
commit 4341ec6327a98f0b6b1858bae83d2a7d229424e2 (HEAD -> master)
Author: max <rmax09395@gmail.com>
Date:   Mon May 20 21:59:20 2024 -0300

    v.1.2.a

commit bce6aec4edd683af9d28548e185b3fd33353101f
Author: max <rmax09395@gmail.com>
Date:   Mon May 20 21:53:41 2024 -0300

    v.1.a

Màximo@DESKTOP-PT59GQG MINGW64 ~/Desktop/Programacion (master)
$ git checkout bce6aec4edd683af9d28548e185b3fd33353101f
Note: switching to 'bce6aec4edd683af9d28548e185b3fd33353101f'.

You are in 'detached HEAD' state. You can look around, make experimental
changes and commit them, and you can discard any commits you make in this
state without impacting any branches by switching back to a branch.

If you want to create a new branch to retain commits you create, you may
do so (now or later) by using -c with the switch command. Example:

  git switch -c <new-branch-name>

Or undo this operation with:

  git switch -

Turn off this advice by setting config variable advice.detachedHead to false

HEAD is now at bce6aec v.1.a

Màximo@DESKTOP-PT59GQG MINGW64 ~/Desktop/Programacion ((bce6aec...))
$ git checkout 4341ec6327a98f0b6b1858bae83d2a7d229424e2
Previous HEAD position was bce6aec v.1.a
HEAD is now at 4341ec6 v.1.2.a

Màximo@DESKTOP-PT59GQG MINGW64 ~/Desktop/Programacion ((4341ec6...))
$ git remote add origin https://github.com/Ayala-Maximo/Progrmacion-4.git

Màximo@DESKTOP-PT59GQG MINGW64 ~/Desktop/Programacion ((4341ec6...))
$ git commit -m "Inicializacion de hub"
HEAD detached at 4341ec6
Untracked files:
  (use "git add <file>..." to include in what will be committed)
        Proceso de trabajo de git.txt

nothing added to commit but untracked files present (use "git add" to track)

Màximo@DESKTOP-PT59GQG MINGW64 ~/Desktop/Programacion ((4341ec6...))
$ git add .

Màximo@DESKTOP-PT59GQG MINGW64 ~/Desktop/Programacion ((4341ec6...))
$ git commit -m "Inicializacion de hub"
[detached HEAD 480133d] Inicializacion de hub
 1 file changed, 0 insertions(+), 0 deletions(-)
 create mode 100644 Proceso de trabajo de git.txt

Màximo@DESKTOP-PT59GQG MINGW64 ~/Desktop/Programacion ((480133d...))
$
